2026-07-25 18:08:09,267 | INFO    | scraper.crawler | Starting crawl. Seeds: ['https://www.bvb.edu/']
2026-07-25 18:08:11,003 | INFO    | scraper.robots_checker | Loaded robots.txt for www.bvb.edu
2026-07-25 18:08:17,468 | WARNING | scraper.robots_checker | Could not fetch robots.txt for mail.bvb.edu: HTTPConnectionPool(host='www.mail.bvb.edu', port=80): Max retries exceeded with url: /robots.txt (Caused by NameResolutionError("HTTPConnection(host='www.mail.bvb.edu', port=80): Failed to resolve 'www.mail.bvb.edu' ([Errno 11001] getaddrinfo failed)")). Assuming allow-all.
2026-07-25 18:08:18,452 | WARNING | scraper.crawler | Fetch failed (1/3) http://mail.bvb.edu/: HTTPConnectionPool(host='www.mail.bvb.edu', port=80): Max retries exceeded with url: / (Caused by NameResolutionError("HTTPConnection(host='www.mail.bvb.edu', port=80): Failed to resolve 'www.mail.bvb.edu' ([Errno 11001] getaddrinfo failed)")). Retrying in 1.5s
2026-07-25 18:08:20,426 | WARNING | scraper.crawler | Fetch failed (2/3) http://mail.bvb.edu/: HTTPConnectionPool(host='www.mail.bvb.edu', port=80): Max retries exceeded with url: / (Caused by NameResolutionError("HTTPConnection(host='www.mail.bvb.edu', port=80): Failed to resolve 'www.mail.bvb.edu' ([Errno 11001] getaddrinfo failed)")). Retrying in 2.2s
2026-07-25 18:08:21,582 | ERROR   | scraper.crawler | Playwright render failed for https://www.bvb.edu/placement.html: BrowserType.launch: Executable doesn't exist at C:\Users\CMCY\AppData\Local\ms-playwright\chromium_headless_shell-1228\chrome-headless-shell-win64\chrome-headless-shell.exe
╔════════════════════════════════════════════════════════════╗
║ Looks like Playwright was just installed or updated.       ║
║ Please run the following command to download new browsers: ║
║                                                            ║
║     playwright install                                     ║
║                                                            ║
║ <3 Playwright Team                                         ║
╚════════════════════════════════════════════════════════════╝
2026-07-25 18:08:21,589 | ERROR   | scraper.crawler | Playwright render failed for https://www.bvb.edu/gallery.html: BrowserType.launch: Executable doesn't exist at C:\Users\CMCY\AppData\Local\ms-playwright\chromium_headless_shell-1228\chrome-headless-shell-win64\chrome-headless-shell.exe
╔════════════════════════════════════════════════════════════╗
║ Looks like Playwright was just installed or updated.       ║
║ Please run the following command to download new browsers: ║
║                                                            ║
║     playwright install                                     ║
║                                                            ║
║ <3 Playwright Team                                         ║
╚════════════════════════════════════════════════════════════╝
2026-07-25 18:08:21,626 | DEBUG   | scraper.html_to_markdown | trafilatura returned little/no content for https://www.bvb.edu/placement.html; using fallback extractor
2026-07-25 18:08:21,634 | ERROR   | scraper.crawler | on_page callback failed for https://www.bvb.edu/placement.html: 'NoneType' object has no attribute 'get'
2026-07-25 18:08:21,653 | DEBUG   | scraper.html_to_markdown | trafilatura returned little/no content for https://www.bvb.edu/gallery.html; using fallback extractor
2026-07-25 18:08:21,931 | WARNING | scraper.crawler | Fetch failed (1/3) https://www.bvb.edu/gallery/index_list-4.html: ('Connection aborted.', RemoteDisconnected('Remote end closed connection without response')). Retrying in 1.5s
2026-07-25 18:08:23,545 | WARNING | scraper.crawler | Fetch failed (3/3) http://mail.bvb.edu/: HTTPConnectionPool(host='www.mail.bvb.edu', port=80): Max retries exceeded with url: / (Caused by NameResolutionError("HTTPConnection(host='www.mail.bvb.edu', port=80): Failed to resolve 'www.mail.bvb.edu' ([Errno 11001] getaddrinfo failed)")). Retrying in 3.4s
2026-07-25 18:08:26,921 | ERROR   | scraper.crawler | Giving up on http://mail.bvb.edu/ after 3 attempts
2026-07-25 18:08:35,372 | WARNING | scraper.robots_checker | Could not fetch robots.txt for alumni.bvb.edu: HTTPSConnectionPool(host='alumni.bvb.edu', port=443): Max retries exceeded with url: /robots.txt (Caused by ConnectTimeoutError(<HTTPSConnection(host='alumni.bvb.edu', port=443) at 0x1d07787e0d0>, 'Connection to alumni.bvb.edu timed out. (connect timeout=20)')). Assuming allow-all.
2026-07-25 18:08:55,384 | WARNING | scraper.crawler | Fetch failed (1/3) http://alumni.bvb.edu/: HTTPConnectionPool(host='alumni.bvb.edu', port=80): Max retries exceeded with url: / (Caused by ConnectTimeoutError(<HTTPConnection(host='alumni.bvb.edu', port=80) at 0x1d07af00950>, 'Connection to alumni.bvb.edu timed out. (connect timeout=20)')). Retrying in 1.5s
2026-07-25 18:09:16,892 | WARNING | scraper.crawler | Fetch failed (2/3) http://alumni.bvb.edu/: HTTPConnectionPool(host='alumni.bvb.edu', port=80): Max retries exceeded with url: / (Caused by ConnectTimeoutError(<HTTPConnection(host='alumni.bvb.edu', port=80) at 0x1d077837570>, 'Connection to alumni.bvb.edu timed out. (connect timeout=20)')). Retrying in 2.2s
2026-07-25 18:09:39,155 | WARNING | scraper.crawler | Fetch failed (3/3) http://alumni.bvb.edu/: HTTPConnectionPool(host='alumni.bvb.edu', port=80): Max retries exceeded with url: / (Caused by ConnectTimeoutError(<HTTPConnection(host='alumni.bvb.edu', port=80) at 0x1d077836580>, 'Connection to alumni.bvb.edu timed out. (connect timeout=20)')). Retrying in 3.4s
2026-07-25 18:09:42,531 | ERROR   | scraper.crawler | Giving up on http://alumni.bvb.edu/ after 3 attempts
2026-07-25 18:09:42,539 | INFO    | scraper.crawler | Crawl complete. Pages processed: 28. External domains seen: 7
2026-07-25 18:09:42,542 | INFO    | __main__ | Logged 7 external links to .scraper_state\external_links.json
2026-07-25 18:09:42,543 | INFO    | __main__ | No PDFs found to process.
2026-07-25 18:09:42,546 | INFO    | scraper.exporter | Wrote metadata.json with 4 entries
2026-07-25 18:09:42,548 | INFO    | __main__ | Done. Knowledge base written to: D:\AUNTII\bvbcet_scraper\knowledge_base
